// Jest Snapshot v1, https://goo.gl/fbAQLP

exports[`renders correctly 1`] = `
<RCTSafeAreaView
  style={
    Object {
      "backgroundColor": "#fff",
      "flex": 1,
    }
  }
>
  <View
    style={
      Object {
        "backgroundColor": "#6A0070",
        "flexDirection": "row",
      }
    }
  >
    <Text
      style={
        Object {
          "color": "#ffffff",
          "flex": 1,
          "fontSize": 25,
          "margin": 30,
          "textAlign": "left",
        }
      }
    >
      Playroll 
    </Text>
    <View
      style={
        Object {
          "marginRight": 20,
        }
      }
    >
      <View
        accessible={true}
        isTVSelectable={true}
        onResponderGrant={[Function]}
        onResponderMove={[Function]}
        onResponderRelease={[Function]}
        onResponderTerminate={[Function]}
        onResponderTerminationRequest={[Function]}
        onStartShouldSetResponder={[Function]}
        style={
          Object {
            "alignItems": "center",
            "backgroundColor": "transparent",
            "justifyContent": "center",
          }
        }
      >
        <Text />
      </View>
    </View>
  </View>
  <View
    style={
      Object {
        "flexDirection": "row",
      }
    }
  >
    <View
      style={
        Object {
          "marginVertical": 5,
          "paddingHorizontal": 10,
        }
      }
    >
      <Text
        style={
          Object {
            "color": "#993399",
            "fontFamily": "Avenir",
            "fontSize": 20,
            "fontWeight": "bold",
          }
        }
      >
        Home
      </Text>
    </View>
    <View
      style={
        Object {
          "borderLeftColor": "grey",
          "borderLeftWidth": 1,
          "marginVertical": 5,
          "paddingHorizontal": 10,
        }
      }
    >
      <Text
        style={
          Object {
            "color": "grey",
            "fontFamily": "Avenir",
            "fontSize": 20,
            "fontWeight": "bold",
          }
        }
      >
        Playrolls
      </Text>
    </View>
    <View
      style={
        Object {
          "borderLeftColor": "grey",
          "borderLeftWidth": 1,
          "marginVertical": 5,
          "paddingHorizontal": 10,
        }
      }
    >
      <Text
        style={
          Object {
            "color": "grey",
            "fontFamily": "Avenir",
            "fontSize": 20,
            "fontWeight": "bold",
          }
        }
      >
        Radio
      </Text>
    </View>
  </View>
  <View
    style={
      Object {
        "height": 250,
      }
    }
  />
  <View
    style={
      Object {
        "flexDirection": "row",
      }
    }
  >
    <View
      style={
        Object {
          "marginVertical": 5,
          "paddingHorizontal": 10,
        }
      }
    >
      <Text
        style={
          Object {
            "color": "#993399",
            "fontFamily": "Avenir",
            "fontSize": 20,
            "fontWeight": "bold",
          }
        }
      >
        Popular
      </Text>
    </View>
    <View
      style={
        Object {
          "borderLeftColor": "grey",
          "borderLeftWidth": 1,
          "marginVertical": 5,
          "paddingHorizontal": 10,
        }
      }
    >
      <Text
        style={
          Object {
            "color": "grey",
            "fontFamily": "Avenir",
            "fontSize": 20,
            "fontWeight": "bold",
          }
        }
      >
        New
      </Text>
    </View>
    <View
      style={
        Object {
          "borderLeftColor": "grey",
          "borderLeftWidth": 1,
          "marginVertical": 5,
          "paddingHorizontal": 10,
        }
      }
    >
      <Text
        style={
          Object {
            "color": "grey",
            "fontFamily": "Avenir",
            "fontSize": 20,
            "fontWeight": "bold",
          }
        }
      >
        Recommended
      </Text>
    </View>
  </View>
</RCTSafeAreaView>
`;
