// Jest Snapshot v1, https://goo.gl/fbAQLP

exports[`renders correctly 1`] = `
<View
  style={
    Object {
      "alignItems": "center",
      "backgroundColor": "purple",
      "flex": 2,
      "justifyContent": "center",
    }
  }
>
  <View
    style={
      Object {
        "height": 1334,
        "width": 750,
      }
    }
  >
    <Image
      resizeMode="cover"
      source={
        Object {
          "testUri": "../../../src/assets/loading.png",
        }
      }
      style={
        Array [
          Object {
            "bottom": 0,
            "left": 0,
            "position": "absolute",
            "right": 0,
            "top": 0,
          },
          Object {
            "height": 1334,
            "width": 750,
          },
          undefined,
        ]
      }
    />
  </View>
</View>
`;
